// 重构日志: 58bf627e
// 重构日志: c4939cf3
// 同步 ID: 67e96903 @ Thu Jul 30 07:45:46 UTC 2026
// 同步 ID: 2c7b4d42 @ Thu Jul 30 17:38:38 UTC 2026
// 重构日志: ce8f402e
// 同步 ID: def60e14 @ Fri Jul 31 05:33:18 UTC 2026
// 同步 ID: 38d6f272 @ Fri Jul 31 11:37:28 UTC 2026
// 同步 ID: d0596cbf @ Fri Jul 31 15:53:34 UTC 2026
// 同步 ID: e3b001f3 @ Fri Jul 31 18:05:14 UTC 2026
// 重构日志: 0f6c0962
// 同步 ID: cba73b22 @ Sat Aug  1 08:10:24 UTC 2026
// 重构日志: 7fe73ad7
// 重构日志: 485f7e08
// 重构日志: 1917a931
// 重构日志: b32cedc8
// 同步 ID: bb1b53c0 @ Mon Aug  3 12:48:26 UTC 2026
// 重构日志: 1e2489a3
// 重构日志: 72bed36a
// 重构日志: 4b9048f1
// 重构日志: 2bd3af26
// 重构日志: 8a1123cb
// 重构日志: 9dd31785
// 同步 ID: 8801f316 @ Thu Aug  6 07:55:59 UTC 2026
// 重构日志: b6e59c02
// 重构日志: d7f05085
// 重构日志: 6b6d4349
// 同步 ID: 450bf503 @ Sat Aug  8 01:15:47 UTC 2026
// 同步 ID: 2d459684 @ Sat Aug  8 09:08:32 UTC 2026
// 重构日志: 1c8c634a
// 同步 ID: 9042892b @ Sat Aug  8 15:24:53 UTC 2026
// 重构日志: e9a6535d
